[     299ms] [ERROR] Failed to load resource: the server responded with a status of 404 () @ https://higgsfield.ai/explore:0
[    1190ms] [ERROR] Failed to load resource: the server responded with a status of 401 () @ https://fnf.higgsfield.ai/user:0
[    1206ms] [ERROR] Failed to load resource: the server responded with a status of 500 () @ https://higgsfield.ai/explore?_rsc=2dl82:0
[    1354ms] [ERROR] Failed to load resource: the server responded with a status of 401 () @ https://fnf.higgsfield.ai/user:0
[    1366ms] [WARNING] [ABTest] GrowthBook resolve: {featureKey: ww-basic-starter, featureSource: force, isFromGrowthBook: true, variantId: BASIC, variantExists: true} @ https://assets.higgsfield.ai/main/_next/static/chunks/sentry-00a4d1c0abbb7538.js?dpl=dpl-moaaqs26:15
[    1366ms] [WARNING] [ABTest] GrowthBook resolve: {featureKey: upgrade-flow-ab-test, featureSource: experiment, isFromGrowthBook: true, variantId: new_flow, variantExists: true} @ https://assets.higgsfield.ai/main/_next/static/chunks/sentry-00a4d1c0abbb7538.js?dpl=dpl-moaaqs26:15
[    2059ms] [WARNING] [GSI_LOGGER]: Your client application uses one of the Google One Tap prompt UI status methods that may stop functioning when FedCM becomes mandatory. Refer to the migration guide to update your code accordingly and opt-in to FedCM to test your changes. Learn more: https://developers.google.com/identity/gsi/web/guides/fedcm-migration?s=dc#display_moment and https://developers.google.com/identity/gsi/web/guides/fedcm-migration?s=dc#skipped_moment @ https://assets.higgsfield.ai/main/_next/static/chunks/sentry-00a4d1c0abbb7538.js?dpl=dpl-moaaqs26:15
[    2059ms] [ERROR] Not signed in with the identity provider. @ https://higgsfield.ai/explore:0
[    6383ms] [ERROR] [GSI_LOGGER]: FedCM get() rejects with NetworkError: Error retrieving a token. @ https://assets.higgsfield.ai/main/_next/static/chunks/sentry-00a4d1c0abbb7538.js?dpl=dpl-moaaqs26:15
[    9465ms] [WARNING] The resource https://assets.higgsfield.ai/main/_next/static/css/8e46e2c997503e7a.css?dpl=dpl-moaaqs26 was preloaded using link preload but not used within a few seconds from the window's load event. Please make sure it has an appropriate `as` value and it is preloaded intentionally. @ https://higgsfield.ai/explore:0
[    9465ms] [WARNING] The resource https://assets.higgsfield.ai/main/_next/static/css/fc8c1bae8837fdd3.css?dpl=dpl-moaaqs26 was preloaded using link preload but not used within a few seconds from the window's load event. Please make sure it has an appropriate `as` value and it is preloaded intentionally. @ https://higgsfield.ai/explore:0
[    9465ms] [WARNING] The resource https://assets.higgsfield.ai/main/_next/static/media/13971731025ec697-s.p.woff2 was preloaded using link preload but not used within a few seconds from the window's load event. Please make sure it has an appropriate `as` value and it is preloaded intentionally. @ https://higgsfield.ai/explore:0
[    9465ms] [WARNING] The resource https://assets.higgsfield.ai/main/_next/static/css/8db8776d9aa2cab2.css?dpl=dpl-moaaqs26 was preloaded using link preload but not used within a few seconds from the window's load event. Please make sure it has an appropriate `as` value and it is preloaded intentionally. @ https://higgsfield.ai/explore:0
[    9465ms] [WARNING] The resource https://assets.higgsfield.ai/main/_next/static/css/6f617f7d77907a16.css?dpl=dpl-moaaqs26 was preloaded using link preload but not used within a few seconds from the window's load event. Please make sure it has an appropriate `as` value and it is preloaded intentionally. @ https://higgsfield.ai/explore:0
[    9465ms] [WARNING] The resource https://assets.higgsfield.ai/main/_next/static/css/96c92d910b11fc76.css?dpl=dpl-moaaqs26 was preloaded using link preload but not used within a few seconds from the window's load event. Please make sure it has an appropriate `as` value and it is preloaded intentionally. @ https://higgsfield.ai/explore:0
[    9465ms] [WARNING] The resource https://assets.higgsfield.ai/main/_next/static/css/c77972a601a4d7fe.css?dpl=dpl-moaaqs26 was preloaded using link preload but not used within a few seconds from the window's load event. Please make sure it has an appropriate `as` value and it is preloaded intentionally. @ https://higgsfield.ai/explore:0
[   23753ms] [WARNING] The resource https://assets.higgsfield.ai/main/_next/static/css/8e46e2c997503e7a.css?dpl=dpl-moaaqs26 was preloaded using link preload but not used within a few seconds from the window's load event. Please make sure it has an appropriate `as` value and it is preloaded intentionally. @ https://higgsfield.ai/explore:0
[   23754ms] [WARNING] The resource https://assets.higgsfield.ai/main/_next/static/css/fc8c1bae8837fdd3.css?dpl=dpl-moaaqs26 was preloaded using link preload but not used within a few seconds from the window's load event. Please make sure it has an appropriate `as` value and it is preloaded intentionally. @ https://higgsfield.ai/explore:0
[   23754ms] [WARNING] The resource https://assets.higgsfield.ai/main/_next/static/media/13971731025ec697-s.p.woff2 was preloaded using link preload but not used within a few seconds from the window's load event. Please make sure it has an appropriate `as` value and it is preloaded intentionally. @ https://higgsfield.ai/explore:0
[   23754ms] [WARNING] The resource https://assets.higgsfield.ai/main/_next/static/css/8db8776d9aa2cab2.css?dpl=dpl-moaaqs26 was preloaded using link preload but not used within a few seconds from the window's load event. Please make sure it has an appropriate `as` value and it is preloaded intentionally. @ https://higgsfield.ai/explore:0
[   23754ms] [WARNING] The resource https://assets.higgsfield.ai/main/_next/static/css/6f617f7d77907a16.css?dpl=dpl-moaaqs26 was preloaded using link preload but not used within a few seconds from the window's load event. Please make sure it has an appropriate `as` value and it is preloaded intentionally. @ https://higgsfield.ai/explore:0
[   23754ms] [WARNING] The resource https://assets.higgsfield.ai/main/_next/static/css/96c92d910b11fc76.css?dpl=dpl-moaaqs26 was preloaded using link preload but not used within a few seconds from the window's load event. Please make sure it has an appropriate `as` value and it is preloaded intentionally. @ https://higgsfield.ai/explore:0
[   23754ms] [WARNING] The resource https://assets.higgsfield.ai/main/_next/static/css/c77972a601a4d7fe.css?dpl=dpl-moaaqs26 was preloaded using link preload but not used within a few seconds from the window's load event. Please make sure it has an appropriate `as` value and it is preloaded intentionally. @ https://higgsfield.ai/explore:0
